Script started on 2024-09-04 00:16:36+05:30 [TERM="xterm-256color" TTY="/dev/pts/0" COLUMNS="80" LINES="24"]
[?2004h]0;alex@mint: ~/Desktop/Lab-Programs/Database-Management-Query-Processing-Lab-SEM5/Experiment 5[01;32malex@mint[00m:[01;34m~/Desktop/Lab-Programs/Database-Management-Query-Processing-Lab-SEM5/Experiment 5[00m$ cd "Experiment 5"..[Kgit pushcommit -m "Script file 2"[C[C[C[C[C[C[C[C[C[C[C[C[C[C[C[C[C[7Padd typescript.txtpush[Kcommit -m "Script file 1"[C[C[C[C[C[C[C[C[C[C[C[C[C[C[C[C[C[6Padd expt4_raw_1.txt[C[C[C[C[C[C[C[C[C[C[C[C[C[C[C[C[Cpush[Kadd expt4_raw_1.txt[C[C[C[C[C[C[C[C[C[C[C[C[C[C[C[C[Cpush[Kcommit -m "SQL file"[C[C[C[C[C[C[C[C[C[C[C[C[C[C[C[C[C[7Padd expt4.sql[C[C[C[C[C[C[C[C[C[C[C[C[Csudo /opt/lampp/bin/mysql -u root
[?2004l[sudo] password for alex: **************              
(B[0;1mWelcome to the MariaDB monitor.  Commands end with ; or \g.
(B[m(B[0;1mYour MariaDB connection id is 10
Server version: 10.4.32-MariaDB Source distribution

(B[m(B[0;1mCopyright (c) 2000, 2018, Oracle, MariaDB Corporation Ab and others.

(B[m(B[0;1mType 'help;' or '\h' for help. Type '\c' to clear the current input statement.

(B[m[?1034hMariaDB [(none)]> use expt5;
Reading table information for completion of table and column names
You can turn off this feature to get a quicker startup with -A

(B[0;1mDatabase changed
(B[mMariaDB [expt5]>  [K-- 1. Find out the number of employees in every department. Dis play the department name and the count. Also, display the maximum, minimum, and  average salary offered by each department.[K[A[AMariaDB [expt5]> -- 1. Find out the number of employees in every department. Display the department name and the count. Also, display the maximum, minimum, and average salary offered by each  department.[A[C[C[C[C[Cuse expt5;[K
[K[A[C[C[C[C[C[C[C[C[C[C[C[C[C[C[C[C[C[C[C[C[C[C[C[C[C[C[C-- 1. Find out the number of employees in every department. Display the department name and the count. Also, display the maximum, minimum, and average salary offered by each  department.
MariaDB [expt5]> SELECT d.dname AS Department, COUNT(e.Empno) AS Employee_Count,
    ->        MAX(e.salary) AS Max_Salary, MIN(e.salary) AS Min_Salary,
    ->        AVG(e.salary) AS Avg_Salary
    -> FROM Dept d
    -> JOIN Employee e ON d.Deptno = e.deptno
    -> GROUP BY d.dname;
+------------+----------------+------------+------------+--------------+
| Department | Employee_Count | Max_Salary | Min_Salary | Avg_Salary   |
+------------+----------------+------------+------------+--------------+
| Accounting |              1 |   53000.00 |   53000.00 | 53000.000000 |
| Admin      |              1 |   37000.00 |   37000.00 | 37000.000000 |
| HR         |              3 |   48000.00 |   21000.00 | 37000.000000 |
| Marketing  |              2 |   40000.00 |   24000.00 | 32000.000000 |
| Research   |              2 |   45000.00 |   33000.00 | 39000.000000 |
| Sales      |              4 |   50000.00 |   35000.00 | 40750.000000 |
+------------+----------------+------------+------------+--------------+
(B[0;1m6 rows in set (0.005 sec)
(B[m(B[0;1m
(B[mMariaDB [expt5]> -- 2. 2. List the total salary payable to each department. Display the department name and the total salary.[C[C[C[C[C[C[C[C[1P[1P[1P[C[C[C[C[C[C[C[C[C[C[C[C[C[C[C[C[C[C[C[C[C[C[C[C[C[C[C[C[C[C[C[C[C[C[C[C[C[C[C[C[C[C[C[C[C[C[C[C[C[C[C[C[C[C[C[C[C[C[C[C[C[C[C[C[C[C[C[C[C[C[C[C[C[C[C[C[C[C[C[C[C[C[C[C[C[C[C[C[C[C[C[C[C[C[C[C[C[C[C[C
MariaDB [expt5]> SELECT d.dname AS Department, SUM(e.salary) AS Total_Salary FROM Dept d JOIN Employee e ON d.Deptno = e.deptno GROUP BY d.dname;
+------------+--------------+
| Department | Total_Salary |
+------------+--------------+
| Accounting |     53000.00 |
| Admin      |     37000.00 |
| HR         |    111000.00 |
| Marketing  |     64000.00 |
| Research   |     78000.00 |
| Sales      |    163000.00 |
+------------+--------------+
(B[0;1m6 rows in set (0.001 sec)
(B[m(B[0;1m
(B[mMariaDB [expt5]> -- 3. List the jobs and the number of employees in each job. The result should be in the descending order of the number of jobs.
MariaDB [expt5]> SELECT e.job AS Job, COUNT(*) AS Num_Employees FROM Employee e GROUP BY e.job ORDER BY COUNT(*) DESC;
+--------------+---------------+
| Job          | Num_Employees |
+--------------+---------------+
| Clerk        |             3 |
| Analyst      |             2 |
| President    |             1 |
| receptionist |             1 |
| Manager      |             1 |
| Consultant   |             1 |
| HR           |             1 |
| Engineer     |             1 |
| Technician   |             1 |
| Developer    |             1 |
+--------------+---------------+
(B[0;1m10 rows in set (0.001 sec)
(B[m(B[0;1m
(B[mMariaDB [expt5]> -- 4. List the job-wise total salary, average salary, and minimum salary of employees.
MariaDB [expt5]> SELECT e.job AS Job, SUM(e.salary) AS Total_Salary, AVG(e.salary) AS Avg_Salary, MIN(e.salary) AS Min_Salary FROM Employee e GROUP BY e.job;
+--------------+--------------+--------------+------------+
| Job          | Total_Salary | Avg_Salary   | Min_Salary |
+--------------+--------------+--------------+------------+
| Analyst      |     63000.00 | 31500.000000 |   21000.00 |
| Clerk        |    117000.00 | 39000.000000 |   37000.00 |
| Consultant   |     53000.00 | 53000.000000 |   53000.00 |
| Developer    |     48000.00 | 48000.000000 |   48000.00 |
| Engineer     |     45000.00 | 45000.000000 |   45000.00 |
| HR           |     35000.00 | 35000.000000 |   35000.00 |
| Manager      |     50000.00 | 50000.000000 |   50000.00 |
| President    |     24000.00 | 24000.000000 |   24000.00 |
| receptionist |     38000.00 | 38000.000000 |   38000.00 |
| Technician   |     33000.00 | 33000.000000 |   33000.00 |
+--------------+--------------+--------------+------------+
(B[0;1m10 rows in set (0.001 sec)
(B[m(B[0;1m
(B[mMariaDB [expt5]> -- 5. List the total salary of employee’s job-wise for the 'research' department.
MariaDB [expt5]> SELECT e.job AS Job, SUM(e.salary) AS Total_Salary FROM Employee e JOIN Dept d ON e.deptno = d.Deptno WHERE d.dname = 'Research' GROUP BY e.job;
+------------+--------------+
| Job        | Total_Salary |
+------------+--------------+
| Engineer   |     45000.00 |
| Technician |     33000.00 |
+------------+--------------+
(B[0;1m2 rows in set (0.001 sec)
(B[m(B[0;1m
(B[mMariaDB [expt5]> -- 6. List the job-wise total salary and average salary of employees of the 'admin' department. Display only those jobs having an average salary greater than 40000.
MariaDB [expt5]> SELECT e.job AS Job, SUM(e.salary) AS Total_Salary, AVG(e.salary) AS Avg_Salary FROM Employee e JOIN Dept d ON e.deptno = d.Deptno WHERE d.dname = 'Admin' GROUP BY e.job HAV ING AVG(e.salary) > 40000;
(B[0;1mEmpty set (0.001 sec)
(B[m(B[0;1m
(B[mMariaDB [expt5]> SELECT e.job AS Job, SUM(e.salary) AS Total_Salary, AVG(e.salary) AS Avg_Salary FROM Employee e JOIN Dept d ON e.deptno = d.Deptno WHERE d.dname = 'Admin' GROUP BY e.job HAVIING AVG(e.salary) > 40000;[A[C[C[C[C[C[C[C[C[C[C[C[C[C[C[C[C[C[C[C[C[C[C[C[C[C[C[C[C[C[C[C[C[C[C[C[C[C[C[C[C[C[C[C[C[C[C[C[C[C[C[C[C[C[C[C[C[C[C[C[C[C[C[C[C[C[C[C[C[C[C[C[C[C[C[C[C[C[C[C[C[C[C[C[C[C[C[C[C[C[C[C[C[C[C[C[C[C[C[C[C[C[C[C[C[C[C[C[C[C[C[C[C[C[C[C[C[C[C[C[C[C[C[C[C[C[C[C[C[C[C[C[C[C[C[C[C[C[C[C[C[C[C[C[C[C[C[C[C[C[C[C[C[C[C[C[C[C[C[C[C[C[C[C[C[C[C[C[C[C[C[C[C[C[C[C[C[C[C[C[C[C[C[C[C[C[C[C[C[C[C[C[C[C[C[C[C[Cdmin' GROUP BY e.job HAVIN[1P[A[C[C[C[C[C[C[C[C[C[C[C[C[C[C[C[C[C[C[C[C[C[C[C[C[C[C[C[C[C[C[C[C[C[C[C[C[C[C[C[C[C[C[C[C[C[C[C[C[C[C[C[C[C[C[C[C[C[C[C[C[C[C[C[C[C[C[C[C[C[C[C[C[C[C[C[C[C[C[C[C[C[C[C[C[C[C[C[C[C[C[C[C[C[C[C[C[C[C[C[C[C[C[C[C[C[C[C[C[C[C[C[C[C[C[C[C[C[C[C[C[C[C[C[C[C[C[C[C[C[C[C[C[C[C[C[C[C[C[C[C[C[C[C[C[C[C[C[C[C[C[C[C[C[C[C[C[C[C[C[C[C[C[C[Cadmin' GROUP BY e.job HAVI[1@N[A[C[C[C[C[C[C[C[C[C[C[C[C[C[C[C[C[C[C[C[C[C[C[C[C[C[C[C[C[C[C[C[C[C[C[C[C[C[C[C[C[C[C[C[C[C[C[C[C[C[C[C[C[C[C[C[C[C[C[C[C[C[C[C[C[C[C[C[C[C[C[C[C[C[C[C[C[C[C[C[C[C[C[C[C[C[C[C[C[C[C[C[C[C[C[C[C[C[C[C[C[C[C[C[C[C[C[C[C[C[C[C[C[C[C[C[C[C[C[C[C[C[C[C[C[C[C[C[C[C[C[C[C[C[C[C[C[C[C[C[C[C[C[C[C[C[C[C[C[C[C[C[C[C[C[C[C[C[C[C[C[C[C[C[C[C[C[C[C[C[C[C[C[C[C[C[C[C[C[C[C[C[C[C[C
[C[C[C[C[C[C[C[C[C[C[C[C[C[C[C[C[C[C[C[C[C[C[C[C[C[C
(B[0;1mEmpty set (0.001 sec)
(B[m(B[0;1m
(B[mMariaDB [expt5]> SELECT e.job AS Job, SUM(e.salary) AS Total_Salary, AVG(e.salary) AS Avg_Salary FROM Employee e JOIN Dept d ON e.deptno = d.Deptno WHERE d.dname = 'admin' GROUP BY e.job HAVIING AVG(e.salary) > 40000;[A[C[C[C[C[C[C[C[C[C[C[C[C[C[C[C[C[C[C[C[C[C[C[C[C[C[C[C[C[C[C[C[C[C[C[C[C[C[C[C[C[C[C[C[C[C[C[C[C[C[C[C[C[C[C[C[C[C[C[C[C[C[C[C[C[C[C[C[C[C[C[C[C[C[C[C[C[C[C[C[C[C[C[C[C[C[C[C[C[C[C[C[C[C[C[C[C[C[C[C[C[C[C[C[C[C[C[C[C[C[C[C[C[C[C[C[C[C[C[C[C[C[C[C[C[C[C[C[C[C[C[C[C[C[C[C[C[C[C[CA
[C[C[C[C[C[C[C[C[C[C[C[C[C[C[C[C[C[C[C[C[C[C[C[C[C[C[A[9P-- 6. List the job-wise total salary and average salary of employees of the 'admin' department. Display only those jobs having an average salary greater than 40000.
[K[A[C[C[C[C[C[C[C[C[C[C[C[C[C[C[C[C[C[C[C[C[C[C[C[C[C[C[C[C[C[C[C[C[C[C[C[C[C[C[C[C[C[C[C[C[C[C[C[C[C[C[C[C[C[C[C[C[C[C[C[C[C[C[C[C[C[C[C[C[C[C[C[C[C[C[C[C[C[C[C[C[C[C[C[C[C[C[C[C[C[C[C[C[C[C[C[C[C[C[C[C[C[C[C[C[C[C[C[C[C[C[C[C[C[C[C[C[C[C[C[C[C[C[C[C[C[C[C[C[C[C[C[C[C[C[C[C[C[C[C[C[C[C[C[C[C[C[C[C[C[C[C[C[C[C[C[C[C[C[C[C[C[C[C[C[C[C[C[C[C[C[C[C[C[C[C[C[C[C[C[C[C[C[C[C[C[C[C[C[C[C[C[C[C[C[C[C[C[CSELECT e.job AS Job, SUM(e.salary) AS Total_Salary, AVG(e.salary) AS Avg_Salary FROM Employee e JOIN Dept d ON e.deptno = d.Deptno WHERE d.dname = 'Admin' GROUP BY e.job HAVIING AVG(e.salary) > 40000;[A[C[C[C[C[C[C[C[C[C[C[C[C[C[C[C[C[C[C[C[C[C[C[C[C[C[C[C[C[C[C[C[C[C[C[C[C[C[C[C[C[C[C[C[C[C[C[C[C[C[C[C[C[C[C[C[C[C[C[C[C[C[C[C[C[C[C[C[C[C[C[C[C[C[C[C[C[C[C[C[C[C[C[C[C[C[C[C[C[C[C[C[C[C[C[C[C[C[C[C[C[C[C[C[C[C[C[C[C[C[C[C[C[C[C[C[C[C[C[C[C[C[C[C[C[C[C[C[C[C[C[C[C[C[C[C[C[C[C[Ca
[C[C[C[C[C[C[C[C[C[C[C[C[C[C[C[C[C[C[C[C[C[C[C[C[C[C[A[K
[K[A[C[C[C[C[C[C[C[C[C[C[C[C[C[C[C[C[C-- 7. Retrieve the total number of projects controlled by every department. Display the department name and the count.
MariaDB [expt5]> SELECT d.dname AS Department, COUNT(p.Proj_num) AS Project_Count
    -> FROM Dept d
    -> JOIN Project p ON d.Deptno = p.dnum
    -> GROUP BY d.dname;
+------------+---------------+
| Department | Project_Count |
+------------+---------------+
| Admin      |             2 |
| Research   |             1 |
+------------+---------------+
(B[0;1m2 rows in set (0.001 sec)
(B[m(B[0;1m
(B[mMariaDB [expt5]> SELECT d.dname AS Department, COUNT(p.Proj_num) AS Project_Count FROM Dept d JOIN Project p ON d.Deptno = p.dnum GROUP BY d.dname;
+------------+---------------+
| Department | Project_Count |
+------------+---------------+
| Admin      |             2 |
| Research   |             1 |
+------------+---------------+
(B[0;1m2 rows in set (0.001 sec)
(B[m(B[0;1m
(B[mMariaDB [expt5]> Ctrl-C -- exit!
(B[0;1mAborted
(B[m[?2004h]0;alex@mint: ~/Desktop/Lab-Programs/Database-Management-Query-Processing-Lab-SEM5/Experiment 5[01;32malex@mint[00m:[01;34m~/Desktop/Lab-Programs/Database-Management-Query-Processing-Lab-SEM5/Experiment 5[00m$ sudo /opt/lampp/bin/mysql -u root[16Pcd "Experiment 5"sudo /opt/lampp/bin/mysql -u root
[?2004l(B[0;1mWelcome to the MariaDB monitor.  Commands end with ; or \g.
(B[m(B[0;1mYour MariaDB connection id is 11
Server version: 10.4.32-MariaDB Source distribution

(B[m(B[0;1mCopyright (c) 2000, 2018, Oracle, MariaDB Corporation Ab and others.

(B[m(B[0;1mType 'help;' or '\h' for help. Type '\c' to clear the current input statement.

(B[m[?1034hMariaDB [(none)]> SELECT d.dname AS Department, COUNT(p.Proj_num) AS Project_Count FROM Dept d JOIN Project p ON d.Deptno = p.dnum GROUP BY d.dname;[C[C[C[C[C[C[C[C[C[C[C[C[C[C[C[C[C[CGROUP BY d.dname;[K[113@SELECT d.dname AS Department, COUNT(p.Proj_num) AS Project_Count FROM Dept d JOIN Project p ON d.Deptno = p.dnum [C[C[C[C[C[C[C[C[C[C[C[C[C[C[C[C[C[C[C[C[C[C[C[C[C[C[C[C[C[C[C[C[C[C[C[Kuse expt5;
Reading table information for completion of table and column names
You can turn off this feature to get a quicker startup with -A

(B[0;1mDatabase changed
(B[mMariaDB [expt5]> SELECT d.dname AS Department, COUNT(p.Proj_num) AS Project_Count FROM Dept d JOIN Project p ON d.Deptno = p.dnum GROUP BY d.dname;[C[C[C[C[C[C[C[C[C[C[C[C[C[C[C[C[Cuse expt5;[KSELECT d.dname AS Department, COUNT(p.Proj_num) AS Project_Count FROM Dept d JOIN Project p ON d.Deptno = p.dnum GROUP BY d.dname;[C[C[C[C[C[C[C[C[C[C[C[C[C[C[C[C[CGROUP BY d.dname;[KJOIN Project p ON d.Deptno = p.dnum[C[C[C[C[C[C[C[C[C[C[C[C[C[C[C[C[CFROM Dept d[KSELECT d.dname AS Department, COUNT(p.Proj_num) AS Project_Count[C[C[C[C[C[C[C[C[C[C[C[C[C[C[C[C[C-- 7. Retrieve the total number of projects controlled by every department. Display the department name and the count.
MariaDB [expt5]> SELECT d.dname AS Department, COUNT(p.Proj_num) AS Project_Count FROM Dept d JOIN Project p ON d.Deptno = p.dnum GROUP BY d.dname;
+------------+---------------+
| Department | Project_Count |
+------------+---------------+
| Admin      |             2 |
| Research   |             1 |
+------------+---------------+
(B[0;1m2 rows in set (0.001 sec)
(B[m(B[0;1m
(B[mMariaDB [expt5]> --m[K 8. Retrieve the total number of employees working on every project. Display the project number, name, and the count.
MariaDB [expt5]> SELECT p.Proj_num AS Project_Number, p.Pname AS Project_Name, COUNT(ewp.eno) AS Employee_Count FROM Project p JOIN emp_workson_project ewp ON p.Proj_num = ewp.pno GROUP BY p .Proj_num, p.Pname;
+----------------+-----------------+----------------+
| Project_Number | Project_Name    | Employee_Count |
+----------------+-----------------+----------------+
|              1 | Cloud Computing |              3 |
|              3 | DBMS            |              3 |
+----------------+-----------------+----------------+
(B[0;1m2 rows in set (0.001 sec)
(B[m(B[0;1m
(B[mMariaDB [expt5]> -- 9. Retrieve the total time (in hours) spent on every project.
MariaDB [expt5]> SELECT p.Proj_num AS Project_Number, p.Pname AS Project_Name, SUM(ewp.hours_per_week) AS Total_Hours FROM Project p JOIN emp_workson_project ewp ON p.Proj_num = ewp.pno GROU P BY p.Proj_num, p.Pname;
+----------------+-----------------+-------------+
| Project_Number | Project_Name    | Total_Hours |
+----------------+-----------------+-------------+
|              1 | Cloud Computing |         144 |
|              3 | DBMS            |          93 |
+----------------+-----------------+-------------+
(B[0;1m2 rows in set (0.001 sec)
(B[m(B[0;1m
(B[mMariaDB [expt5]> -- 10. Retrieve the details of projects with more than or equal to two employees working on them. Also, display the average salary offered for that project.
MariaDB [expt5]> SELECT p.Proj_num AS Project_Number, p.Pname AS Project_Name, COUNT(ewp.eno) AS Employee_Count, AVG(e.salary) AS Avg_Salary FROM Project p JOIN emp_workson_project ewp ON p. Proj_num = ewp.pno JOIN Employee e ON ewp.eno = e.Empno GROUP BY p.Proj_num, p.Pname HAVING COUNT(ewp.eno) >= 2;
+----------------+-----------------+----------------+--------------+
| Project_Number | Project_Name    | Employee_Count | Avg_Salary   |
+----------------+-----------------+----------------+--------------+
|              1 | Cloud Computing |              3 | 38666.666667 |
|              3 | DBMS            |              3 | 35000.000000 |
+----------------+-----------------+----------------+--------------+
(B[0;1m2 rows in set (0.002 sec)
(B[m(B[0;1m
(B[mMariaDB [expt5]> -- 11. For each department having more than or equal to two female employees, retrieve the maximum and minimum salary paid to the female employee.
MariaDB [expt5]> SELECT d.dname AS Department, MAX(e.salary) AS Max_Salary, MIN(e.salary) AS Min_Salary FROM Dept d JOIN Employee e ON d.Deptno = e.deptno WHERE e.Gender = 'F' GROUP BY d.dna me HAVING COUNT(e.Empno) >= 2;
+------------+------------+------------+
| Department | Max_Salary | Min_Salary |
+------------+------------+------------+
| HR         |   42000.00 |   21000.00 |
| Sales      |   38000.00 |   35000.00 |
+------------+------------+------------+
(B[0;1m2 rows in set (0.001 sec)
(B[m(B[0;1m
(B[mMariaDB [expt5]> -- 12. For each employee, display the total number of projects they are working on, and also display the total time (hours per week) they spend on all projects
MariaDB [expt5]> SELECT e.Empno AS Employee_Number, e.Empname AS Employee_Name, COUNT(ewp.pno) AS Project_Count, SUM(ewp.hours_per_week) AS Total_Hours FROM Employee e JOIN emp_workson_proje ct ewp ON e.Empno = ewp.eno GROUP BY e.Empno, e.Empname;
+-----------------+---------------+---------------+-------------+
| Employee_Number | Employee_Name | Project_Count | Total_Hours |
+-----------------+---------------+---------------+-------------+
|               4 | Annie         |             1 |          48 |
|               5 | Brandon       |             1 |          40 |
|               9 | Max           |             1 |          48 |
|              11 | Valery        |             1 |          48 |
|              13 | Theodore      |             1 |          18 |
|              15 | Elliot        |             1 |          35 |
+-----------------+---------------+---------------+-------------+
(B[0;1m6 rows in set (0.001 sec)
(B[m(B[0;1m
(B[mMariaDB [expt5]> -- SELF QUERIES --
MariaDB [expt5]> -- 1. Find the total number of employees per manager
MariaDB [expt5]> SELECT managerno, COUNT(*) AS num_employees FROM Employee GROUP BY managerno;
+-----------+---------------+
| managerno | num_employees |
+-----------+---------------+
|         5 |             2 |
|         9 |             3 |
|        11 |             5 |
|        15 |             3 |
+-----------+---------------+
(B[0;1m4 rows in set (0.001 sec)
(B[m(B[0;1m
(B[mMariaDB [expt5]> -- 2. Get the total salary per department:
MariaDB [expt5]> SELECT deptno, SUM(salary) AS total_salary FROM Employee GROUP BY deptno;
+--------+--------------+
| deptno | total_salary |
+--------+--------------+
|      1 |     53000.00 |
|      5 |    163000.00 |
|     10 |     78000.00 |
|     20 |    111000.00 |
|     30 |     64000.00 |
|     40 |     37000.00 |
+--------+--------------+
(B[0;1m6 rows in set (0.001 sec)
(B[m(B[0;1m
(B[mMariaDB [expt5]> -- 3. Calculate the average number of hours worked per employee:
MariaDB [expt5]> SELECT eno, AVG(hours_per_week) AS avg_hours FROM emp_workson_project GROUP BY eno;
+-----+-----------+
| eno | avg_hours |
+-----+-----------+
|   4 |        48 |
|   5 |        40 |
|   9 |        48 |
|  11 |        48 |
|  13 |        18 |
|  15 |        35 |
+-----+-----------+
(B[0;1m6 rows in set (0.001 sec)
(B[m(B[0;1m
(B[mMariaDB [expt5]> -- 4. Find the number of employees in each job role
MariaDB [expt5]> SELECT job, COUNT(*) AS num_employees FROM Employee GROUP BY job;
+--------------+---------------+
| job          | num_employees |
+--------------+---------------+
| Analyst      |             2 |
| Clerk        |             3 |
| Consultant   |             1 |
| Developer    |             1 |
| Engineer     |             1 |
| HR           |             1 |
| Manager      |             1 |
| President    |             1 |
| receptionist |             1 |
| Technician   |             1 |
+--------------+---------------+
(B[0;1m10 rows in set (0.001 sec)
(B[m(B[0;1m
(B[mMariaDB [expt5]> -- 5. Get the number of projects handled in each location:
MariaDB [expt5]> SELECT location, COUNT(*) AS num_projects FROM Project GROUP BY location;
+---------------+--------------+
| location      | num_projects |
+---------------+--------------+
| Dublin        |            1 |
| San Francisco |            2 |
+---------------+--------------+
(B[0;1m2 rows in set (0.001 sec)
(B[m(B[0;1m
(B[mMariaDB [expt5]> -[KMariaDB [expt5]> -
[1]+  Stopped                 sudo /opt/lampp/bin/mysql -u root
[?2004h]0;alex@mint: ~/Desktop/Lab-Programs/Database-Management-Query-Processing-Lab-SEM5/Experiment 5[01;32malex@mint[00m:[01;34m~/Desktop/Lab-Programs/Database-Management-Query-Processing-Lab-SEM5/Experiment 5[00m$ sudo /opt/lampp/bin/mysql -u root
[?2004l(B[0;1mWelcome to the MariaDB monitor.  Commands end with ; or \g.
(B[m(B[0;1mYour MariaDB connection id is 12
Server version: 10.4.32-MariaDB Source distribution

(B[m(B[0;1mCopyright (c) 2000, 2018, Oracle, MariaDB Corporation Ab and others.

(B[m(B[0;1mType 'help;' or '\h' for help. Type '\c' to clear the current input statement.

(B[m[?1034hMariaDB [(none)]> SELECT d.dname AS Department, COUNT(p.Proj_num) AS Project_Count FROM Dept d JOIN Project p ON d.Deptno = p.dnum GROUP BY d.dname;[C[C[C[C[C[C[C[C[C[C[C[C[C[C[C[C[C[C[Kuse expt5;
Reading table information for completion of table and column names
You can turn off this feature to get a quicker startup with -A

(B[0;1mDatabase changed
(B[mMariaDB [expt5]> -- 6. Find the total number of projects each employee is working on
MariaDB [expt5]> SELECT e.Empno, COUNT(ewp.pno) AS num_projects FROM Employee e JOIN emp_workson_project ewp ON e.Empno = ewp.eno GROUP BY e.Empno;
+-------+--------------+
| Empno | num_projects |
+-------+--------------+
|     4 |            1 |
|     5 |            1 |
|     9 |            1 |
|    11 |            1 |
|    13 |            1 |
|    15 |            1 |
+-------+--------------+
(B[0;1m6 rows in set (0.001 sec)
(B[m(B[0;1m
(B[mMariaDB [expt5]> --Ctrl-C -- exit!
(B[0;1mAborted
(B[m[?2004h]0;alex@mint: ~/Desktop/Lab-Programs/Database-Management-Query-Processing-Lab-SEM5/Experiment 5[01;32malex@mint[00m:[01;34m~/Desktop/Lab-Programs/Database-Management-Query-Processing-Lab-SEM5/Experiment 5[00m$ sudo /opt/lampp/bin/mysql -u root
[?2004l(B[0;1mWelcome to the MariaDB monitor.  Commands end with ; or \g.
(B[m(B[0;1mYour MariaDB connection id is 13
Server version: 10.4.32-MariaDB Source distribution

(B[m(B[0;1mCopyright (c) 2000, 2018, Oracle, MariaDB Corporation Ab and others.

(B[m(B[0;1mType 'help;' or '\h' for help. Type '\c' to clear the current input statement.

(B[m[?1034hMariaDB [(none)]> SELECT e.Empno, COUNT(ewp.pno) AS num_projects FROM Employee e JOIN emp_workson_project ewp ON e.Empno = ewp.eno GROUP BY e.Empno;[C[C[C[C[C[C[C[C[C[C[C[C[C[C[C[C[C[C[63P-- 6. Find the total number of projects each employee is working on[C[C[C[C[C[C[C[C[C[C[C[C[C[C[C[C[C[Cuse expt5;[K
Reading table information for completion of table and column names
You can turn off this feature to get a quicker startup with -A

(B[0;1mDatabase changed
(B[mMariaDB [expt5]> use expt5;SELECT e.Empno, COUNT(ewp.pno) AS num_projects FROM Employee e JOIN emp_workson_project ewp ON e.Empno = ewp.eno GROUP BY e.Empno;[C[C[C[C[C[C[C[C[C[C[C[C[C[C[C[C[Cuse expt5;[K[K-- 7. Get the total salary paid per project
MariaDB [expt5]> SELECT p.Pname, SUM(e.salary) AS total_salary FROM Project p JOIN emp_workson_project ewp ON p.Proj_num = ewp.pno JOIN Employee e ON e.Empno = ewp.eno GROUP BY p.Pname;
+-----------------+--------------+
| Pname           | total_salary |
+-----------------+--------------+
| Cloud Computing |    116000.00 |
| DBMS            |    105000.00 |
+-----------------+--------------+
(B[0;1m2 rows in set (0.001 sec)
(B[m(B[0;1m
(B[mMariaDB [expt5]> -- 8. List the maximum commission received by employees in each department:
MariaDB [expt5]> SELECT deptno, MAX(commision) AS max_commission FROM Employee GROUP BY deptno;
+--------+----------------+
| deptno | max_commission |
+--------+----------------+
|      1 |           NULL |
|      5 |       50000.00 |
|     10 |        5000.00 |
|     20 |           NULL |
|     30 |        3000.00 |
|     40 |       10000.00 |
+--------+----------------+
(B[0;1m6 rows in set (0.001 sec)
(B[m(B[0;1m
(B[mMariaDB [expt5]> --Ctrl-C -- exit!
(B[0;1mAborted
(B[m[?2004h]0;alex@mint: ~/Desktop/Lab-Programs/Database-Management-Query-Processing-Lab-SEM5/Experiment 5[01;32malex@mint[00m:[01;34m~/Desktop/Lab-Programs/Database-Management-Query-Processing-Lab-SEM5/Experiment 5[00m$ sudo /opt/lampp/bin/mysql -u root[16Pcd "Experiment 5"sudo /opt/lampp/bin/mysql -u root
[?2004l(B[0;1mWelcome to the MariaDB monitor.  Commands end with ; or \g.
(B[m(B[0;1mYour MariaDB connection id is 14
Server version: 10.4.32-MariaDB Source distribution

(B[m(B[0;1mCopyright (c) 2000, 2018, Oracle, MariaDB Corporation Ab and others.

(B[m(B[0;1mType 'help;' or '\h' for help. Type '\c' to clear the current input statement.

(B[m[?1034hMariaDB [(none)]> SELECT deptno, MAX(commision) AS max_commission FROM Employee GROUP BY deptno;[C[C[C[C[C[C[C[C[C[C[C[C[C[C[C[C[C[C[3P-- 8. List the maximum commission received by employees in each department:[C[C[C[C[C[C[C[C[C[C[C[C[C[C[C[C[C[CSELECT p.Pname, SUM(e.salary) AS total_salary FROM Project p JOIN emp_workson_project ewp ON p.Proj_num = ewp.pno JOIN Employee e ON e.Empno = ewp.eno GROUP BY p.Pname;[C[C[C[C[C[C[C[C[C[C[C[C[C[C[C[C[C[C-- 7. Get the total salary paid per project[K[C[C[C[C[C[C[C[C[C[C[C[C[C[C[C[C[C[Cuse expt5;[K
Reading table information for completion of table and column names
You can turn off this feature to get a quicker startup with -A

(B[0;1mDatabase changed
(B[mMariaDB [expt5]> -- 8.[K[K9. Calculate the total number of hours worked by employees in each department:
MariaDB [expt5]> SELECT d.Deptno, SUM(ewp.hours_per_week) AS total_hours FROM Dept d JOIN Employee e ON d.Deptno = e.deptno JOIN emp_workson_project ewp ON e.Empno = ewp.eno GROUP BY d.Deptn o;
+--------+-------------+
| Deptno | total_hours |
+--------+-------------+
|      5 |          48 |
|     10 |          66 |
|     20 |          83 |
|     30 |          40 |
+--------+-------------+
(B[0;1m4 rows in set (0.001 sec)
(B[m(B[0;1m
(B[mMariaDB [expt5]> -- 10. Find the average number of hours worked per project by each department
MariaDB [expt5]> SELECT d.Deptno, AVG(ewp.hours_per_week) AS avg_hours FROM Dept d JOIN Employee e ON d.Deptno = e.deptno JOIN emp_workson_project ewp ON e.Empno = ewp.eno GROUP BY d.Deptno; [A[C[C[C[C[C[C[C[C[C[C[C[C[C[C[C[C[C[C[C[C[C[C[C[C[C[C[C[C[C[C[C[C[C[C[C[C[C[C[C[C[C[C[C[C[C[C[C[C[C[C[C[C[C[C[C[C[C[C[C[C[C[C[C[C[C[C[C[C[C[C[C[C[C[C[C[C[C[C[C[C[C[C[C[C[C[C[C[C[C[C[C[C[C[C[C[C[C[C[C[C[C[C[C[C[C[C[C[C[C[C[C[C[C[C[C[C[C[C[C[C[C[C[C[C[C[C[C[C[C[C[C[C[C[C[C[C[C[C[C[C[C[C[C[C[C[C[C[C[C[C[C[C[C[C[C[C[C[C[C[C[C[C[C[C[C[C[C[C[C[C[C[C[C[C[C[C[C[C[C[C[C[C[C[C[C[C[C[C[C[K;
+--------+-----------+
| Deptno | avg_hours |
+--------+-----------+
|      5 |        48 |
|     10 |        33 |
|     20 |      41.5 |
|     30 |        40 |
+--------+-----------+
(B[0;1m4 rows in set (0.002 sec)
(B[m(B[0;1m
(B[mMariaDB [expt5]> -- HAAV[K[KVING __[K[K--
MariaDB [expt5]> -- 1. SELECT managerno, COUNT(*) AS num_employees
MariaDB [expt5]> FROM Employee
    -> GROUP BY managerno
    -> HAVING COUNT(*) > 3;
ERROR 1064 (42000): You have an error in your SQL syntax; check the manual that corresponds to your MariaDB server version for the right syntax to use near 'FROM Employee
GROUP BY managerno
HAVING COUNT(*) > 3' at line 1
(B[0;7m(B[mMariaDB [expt5]> -- 1. Find managers with more than 3 employee
MariaDB [expt5]> SELECT managerno, COUNT(*) AS num_employees FROM Employee GROUP BY managerno HAVING COUNT(*) > 3;
+-----------+---------------+
| managerno | num_employees |
+-----------+---------------+
|        11 |             5 |
+-----------+---------------+
(B[0;1m1 row in set (0.001 sec)
(B[m(B[0;1m
(B[mMariaDB [expt5]> -- 2. Get departments with total salaries above 100000
MariaDB [expt5]> SELECT deptno, SUM(salary) AS total_salary FROM Employee GROUP BY deptno HAVING SUM(salary) > 100000;
+--------+--------------+
| deptno | total_salary |
+--------+--------------+
|      5 |    163000.00 |
|     20 |    111000.00 |
+--------+--------------+
(B[0;1m2 rows in set (0.001 sec)
(B[m(B[0;1m
(B[mMariaDB [expt5]> 3[K-- 3. Find projects with an average number of hours worked above 40:
MariaDB [expt5]> SELECT p.Pname, AVG(ewp.hours_per_week) AS avg_hours FROM Project p JOIN emp_workson_project ewp ON p.Proj_num = ewp.pno GROUP BY p.Pname HAVING AVG(ewp.hours_per_week) > 40 ;
+-----------------+-----------+
| Pname           | avg_hours |
+-----------------+-----------+
| Cloud Computing |        48 |
+-----------------+-----------+
(B[0;1m1 row in set (0.001 sec)
(B[m(B[0;1m
(B[mMariaDB [expt5]> -- 4. List departments with total commission above 60000
MariaDB [expt5]> SELECT deptno, SUM(commision) AS total_commission FROM Employee GROUP BY deptno HAVING SUM(commision) > 60000;
+--------+------------------+
| deptno | total_commission |
+--------+------------------+
|      5 |         80000.00 |
+--------+------------------+
(B[0;1m1 row in set (0.001 sec)
(B[m(B[0;1m
(B[mMariaDB [expt5]> -- 5. Get job roles with an average salary below 30000
MariaDB [expt5]> SELECT job, AVG(salary) AS avg_salary
    -> FROM Employee
    -> GROUP BY job
    -> HAVING AVG(salary) < 30000;
+-----------+--------------+
| job       | avg_salary   |
+-----------+--------------+
| President | 24000.000000 |
+-----------+--------------+
(B[0;1m1 row in set (0.000 sec)
(B[m(B[0;1m
(B[mMariaDB [expt5]> -- 5. Get job roles with an average salary below 30000
MariaDB [expt5]> SELECT job, AVG(salary) AS avg_salary FROM Employee GROUP BY job HAVING AVG(salary) < 30000;
+-----------+--------------+
| job       | avg_salary   |
+-----------+--------------+
| President | 24000.000000 |
+-----------+--------------+
(B[0;1m1 row in set (0.001 sec)
(B[m(B[0;1m
(B[mMariaDB [expt5]> -- 6. Find employees with total hours worked less than 30:
MariaDB [expt5]> SELECT eno, SUM(hours_per_week) AS total_hours FROM emp_workson_project GROUP BY eno HAVING SUM(hours_per_week) < 30;
+-----+-------------+
| eno | total_hours |
+-----+-------------+
|  13 |          18 |
+-----+-------------+
(B[0;1m1 row in set (0.001 sec)
(B[m(B[0;1m
(B[mMariaDB [expt5]> exit;
(B[0;1mBye
(B[m[?2004h]0;alex@mint: ~/Desktop/Lab-Programs/Database-Management-Query-Processing-Lab-SEM5/Experiment 5[01;32malex@mint[00m:[01;34m~/Desktop/Lab-Programs/Database-Management-Query-Processing-Lab-SEM5/Experiment 5[00m$ [?2004l
exit
There are stopped jobs.
[?2004h]0;alex@mint: ~/Desktop/Lab-Programs/Database-Management-Query-Processing-Lab-SEM5/Experiment 5[01;32malex@mint[00m:[01;34m~/Desktop/Lab-Programs/Database-Management-Query-Processing-Lab-SEM5/Experiment 5[00m$ [?2004l
exit

Script done on 2024-09-04 00:40:58+05:30 [COMMAND_EXIT_CODE="0"]
